0:0:0:0:0:0:0:1 - - [03/Feb/2023:19:40:52 +0900] "GET /oauth2/authorization/kakao HTTP/1.1" 302 - 1288
0:0:0:0:0:0:0:1 - - [03/Feb/2023:19:41:05 +0900] "GET /login/oauth2/code/kakao?code=RxhFY7Tg4IPZOVJ9QGFpF20ZFsiDIib23cpurLx0TNipEgWQoR3fqnlQG_VB1ko6Hu7OCgo9cuoAAAGGFt2VwA&state=Ky5jMJPEAye2clViFlB_WjfWcBPHZR4FGS31A-tbUYw%3D HTTP/1.1" 200 343 708
0:0:0:0:0:0:0:1 - - [03/Feb/2023:19:41:05 +0900] "GET /favicon.ico HTTP/1.1" 404 144 60
127.0.0.1 - - [03/Feb/2023:19:43:38 +0900] "GET /api/members/1/records HTTP/1.1" 200 27 59
127.0.0.1 - - [03/Feb/2023:19:43:41 +0900] "GET /api/members/1 HTTP/1.1" 500 11873 2922
127.0.0.1 - - [03/Feb/2023:19:43:41 +0900] "GET /api/members/1/starred HTTP/1.1" 500 172248 1021
0:0:0:0:0:0:0:1 - - [03/Feb/2023:19:43:41 +0900] "OPTIONS /token/refresh HTTP/1.1" 403 31 7
127.0.0.1 - - [03/Feb/2023:19:43:41 +0900] "GET /api/members/1/games?order=RECENT&period=WEEK&search=MEMBER&keyword=&page=1 HTTP/1.1" 200 488 286
0:0:0:0:0:0:0:1 - - [03/Feb/2023:19:43:41 +0900] "GET /static/gameImages/1/absc HTTP/1.1" 404 157 13
127.0.0.1 - - [03/Feb/2023:19:43:43 +0900] "GET /api/members/1/bestcuts?order=RECENT&period=WEEK&search=MEMBER&keyword=&page=1 HTTP/1.1" 200 327 54
127.0.0.1 - - [03/Feb/2023:19:43:48 +0900] "GET /api/members/1/games?order=RECENT&period=WEEK&search=MEMBER&keyword=&page=1 HTTP/1.1" 200 488 13
0:0:0:0:0:0:0:1 - - [03/Feb/2023:19:43:48 +0900] "GET /static/gameImages/1/absc HTTP/1.1" 404 157 5
127.0.0.1 - - [03/Feb/2023:19:43:57 +0900] "GET /api/members/1/bestcuts?order=RECENT&period=WEEK&search=MEMBER&keyword=&page=1 HTTP/1.1" 200 327 15
127.0.0.1 - - [03/Feb/2023:19:44:15 +0900] "GET /api/members/1/games?order=RECENT&period=WEEK&search=MEMBER&keyword=&page=1 HTTP/1.1" 200 488 17
0:0:0:0:0:0:0:1 - - [03/Feb/2023:19:44:15 +0900] "GET /static/gameImages/1/absc HTTP/1.1" 404 157 8
127.0.0.1 - - [03/Feb/2023:19:44:16 +0900] "GET /api/members/1/starred HTTP/1.1" 500 172248 20
0:0:0:0:0:0:0:1 - - [03/Feb/2023:19:44:16 +0900] "OPTIONS /token/refresh HTTP/1.1" 403 31 3
127.0.0.1 - - [03/Feb/2023:19:44:17 +0900] "GET /api/members/1/games?order=RECENT&period=WEEK&search=MEMBER&keyword=&page=1 HTTP/1.1" 200 488 12
0:0:0:0:0:0:0:1 - - [03/Feb/2023:19:44:17 +0900] "GET /static/gameImages/1/absc HTTP/1.1" 404 157 4
127.0.0.1 - - [03/Feb/2023:19:44:17 +0900] "GET /api/members/1/bestcuts?order=RECENT&period=WEEK&search=MEMBER&keyword=&page=1 HTTP/1.1" 200 327 12
127.0.0.1 - - [03/Feb/2023:19:53:18 +0900] "GET /api/members/1 HTTP/1.1" 500 11873 21
127.0.0.1 - - [03/Feb/2023:19:53:18 +0900] "GET /api/members/1/bestcuts?order=RECENT&period=WEEK&search=MEMBER&keyword=&page=1 HTTP/1.1" 200 327 18
127.0.0.1 - - [03/Feb/2023:19:53:18 +0900] "GET /api/members/1/games?order=RECENT&period=WEEK&search=MEMBER&keyword=&page=1 HTTP/1.1" 200 479 12
0:0:0:0:0:0:0:1 - - [03/Feb/2023:19:53:18 +0900] "GET /static/gameImages/1/absc HTTP/1.1" 404 157 5
127.0.0.1 - - [03/Feb/2023:19:53:20 +0900] "GET /api/members/1/bestcuts?order=RECENT&period=WEEK&search=MEMBER&keyword=&page=1 HTTP/1.1" 200 327 13
127.0.0.1 - - [03/Feb/2023:19:53:25 +0900] "GET /api/members/1/starred HTTP/1.1" 500 172248 17
0:0:0:0:0:0:0:1 - - [03/Feb/2023:19:53:25 +0900] "OPTIONS /token/refresh HTTP/1.1" 403 31 2
127.0.0.1 - - [03/Feb/2023:19:53:42 +0900] "GET /api/members/1 HTTP/1.1" 500 11873 16
127.0.0.1 - - [03/Feb/2023:19:53:42 +0900] "GET /api/members/1/starred HTTP/1.1" 500 172248 23
0:0:0:0:0:0:0:1 - - [03/Feb/2023:19:53:42 +0900] "OPTIONS /token/refresh HTTP/1.1" 403 31 4
127.0.0.1 - - [03/Feb/2023:19:53:44 +0900] "GET /api/members/1 HTTP/1.1" 500 11873 18
127.0.0.1 - - [03/Feb/2023:19:53:44 +0900] "GET /api/members/1/starred HTTP/1.1" 500 172248 21
0:0:0:0:0:0:0:1 - - [03/Feb/2023:19:53:44 +0900] "OPTIONS /token/refresh HTTP/1.1" 403 31 3
127.0.0.1 - - [03/Feb/2023:19:53:54 +0900] "GET /api/members/1/records HTTP/1.1" 200 27 9
127.0.0.1 - - [03/Feb/2023:19:53:54 +0900] "GET /api/members/1 HTTP/1.1" 500 11873 23
127.0.0.1 - - [03/Feb/2023:19:54:06 +0900] "GET /api/members/1/starred HTTP/1.1" 500 172248 20
0:0:0:0:0:0:0:1 - - [03/Feb/2023:19:54:06 +0900] "OPTIONS /token/refresh HTTP/1.1" 403 31 2
127.0.0.1 - - [03/Feb/2023:19:54:08 +0900] "GET /api/members/1 HTTP/1.1" 500 11873 22
127.0.0.1 - - [03/Feb/2023:19:54:08 +0900] "GET /api/members/1/starred HTTP/1.1" 500 172248 24
0:0:0:0:0:0:0:1 - - [03/Feb/2023:19:54:08 +0900] "OPTIONS /token/refresh HTTP/1.1" 403 31 2
127.0.0.1 - - [03/Feb/2023:19:54:10 +0900] "GET /api/members/1 HTTP/1.1" 500 11873 17
127.0.0.1 - - [03/Feb/2023:19:54:10 +0900] "GET /api/members/1/starred HTTP/1.1" 500 172248 26
0:0:0:0:0:0:0:1 - - [03/Feb/2023:19:54:10 +0900] "OPTIONS /token/refresh HTTP/1.1" 403 31 2
127.0.0.1 - - [03/Feb/2023:19:54:12 +0900] "GET /api/members/1/records HTTP/1.1" 200 27 5
127.0.0.1 - - [03/Feb/2023:19:54:14 +0900] "GET /api/members/1/records HTTP/1.1" 200 27 6
127.0.0.1 - - [03/Feb/2023:19:54:14 +0900] "GET /api/members/1 HTTP/1.1" 500 11873 15
127.0.0.1 - - [03/Feb/2023:19:54:59 +0900] "GET /api/members/1 HTTP/1.1" 500 11873 14
127.0.0.1 - - [03/Feb/2023:19:55:00 +0900] "GET /api/members/1 HTTP/1.1" 500 11873 16
127.0.0.1 - - [03/Feb/2023:19:55:06 +0900] "GET /api/members/1 HTTP/1.1" 500 11873 14
127.0.0.1 - - [03/Feb/2023:19:55:06 +0900] "GET /api/members/1/games?order=RECENT&period=WEEK&search=MEMBER&keyword=&page=1 HTTP/1.1" 200 479 17
0:0:0:0:0:0:0:1 - - [03/Feb/2023:19:55:06 +0900] "GET /static/gameImages/1/absc HTTP/1.1" 404 157 6
127.0.0.1 - - [03/Feb/2023:19:55:26 +0900] "GET /api/members/1 HTTP/1.1" 500 11873 19
127.0.0.1 - - [03/Feb/2023:19:55:26 +0900] "GET /api/members/1/games?order=RECENT&period=WEEK&search=MEMBER&keyword=&page=1 HTTP/1.1" 200 479 18
0:0:0:0:0:0:0:1 - - [03/Feb/2023:19:55:26 +0900] "GET /static/gameImages/1/absc HTTP/1.1" 404 157 6
127.0.0.1 - - [03/Feb/2023:19:55:27 +0900] "GET /api/members/1 HTTP/1.1" 500 11873 12
127.0.0.1 - - [03/Feb/2023:19:55:27 +0900] "GET /api/members/1/games?order=RECENT&period=WEEK&search=MEMBER&keyword=&page=1 HTTP/1.1" 200 479 11
0:0:0:0:0:0:0:1 - - [03/Feb/2023:19:55:27 +0900] "GET /static/gameImages/1/absc HTTP/1.1" 404 157 4
127.0.0.1 - - [03/Feb/2023:19:55:36 +0900] "GET /api/members/1 HTTP/1.1" 500 11873 14
127.0.0.1 - - [03/Feb/2023:19:55:36 +0900] "GET /api/members/1/games?order=RECENT&period=WEEK&search=MEMBER&keyword=&page=1 HTTP/1.1" 200 479 16
0:0:0:0:0:0:0:1 - - [03/Feb/2023:19:55:36 +0900] "GET /static/gameImages/1/absc HTTP/1.1" 404 157 5
127.0.0.1 - - [03/Feb/2023:19:56:08 +0900] "GET /api/members/1 HTTP/1.1" 500 11873 17
127.0.0.1 - - [03/Feb/2023:19:56:09 +0900] "GET /api/members/1/games?order=RECENT&period=WEEK&search=MEMBER&keyword=&page=1 HTTP/1.1" 200 479 12
0:0:0:0:0:0:0:1 - - [03/Feb/2023:19:56:09 +0900] "GET /static/gameImages/1/absc HTTP/1.1" 404 157 9
127.0.0.1 - - [03/Feb/2023:19:56:12 +0900] "GET /api/members/1 HTTP/1.1" 500 11873 19
127.0.0.1 - - [03/Feb/2023:19:56:12 +0900] "GET /api/members/1/games?order=RECENT&period=WEEK&search=MEMBER&keyword=&page=1 HTTP/1.1" 200 479 26
0:0:0:0:0:0:0:1 - - [03/Feb/2023:19:56:12 +0900] "GET /static/gameImages/1/absc HTTP/1.1" 404 157 6
127.0.0.1 - - [03/Feb/2023:19:56:18 +0900] "GET /api/members/1/starred HTTP/1.1" 500 170586 17
0:0:0:0:0:0:0:1 - - [03/Feb/2023:19:56:18 +0900] "OPTIONS /token/refresh HTTP/1.1" 403 31 2
127.0.0.1 - - [03/Feb/2023:19:56:19 +0900] "GET /api/members/1/bestcuts?order=RECENT&period=WEEK&search=MEMBER&keyword=&page=1 HTTP/1.1" 200 327 11
127.0.0.1 - - [03/Feb/2023:19:56:20 +0900] "GET /api/members/1/games?order=RECENT&period=WEEK&search=MEMBER&keyword=&page=1 HTTP/1.1" 200 479 10
0:0:0:0:0:0:0:1 - - [03/Feb/2023:19:56:20 +0900] "GET /static/gameImages/1/absc HTTP/1.1" 404 157 5
127.0.0.1 - - [03/Feb/2023:19:56:22 +0900] "GET /api/members/1 HTTP/1.1" 500 11759 18
127.0.0.1 - - [03/Feb/2023:19:56:22 +0900] "GET /api/members/1/games?order=RECENT&period=WEEK&search=MEMBER&keyword=&page=1 HTTP/1.1" 200 479 16
0:0:0:0:0:0:0:1 - - [03/Feb/2023:19:56:22 +0900] "GET /static/gameImages/1/absc HTTP/1.1" 404 157 6
127.0.0.1 - - [03/Feb/2023:19:57:57 +0900] "GET /api/members/1/starred HTTP/1.1" 500 170586 17
0:0:0:0:0:0:0:1 - - [03/Feb/2023:19:57:57 +0900] "OPTIONS /token/refresh HTTP/1.1" 403 31 2
127.0.0.1 - - [03/Feb/2023:19:57:59 +0900] "GET /api/members/1 HTTP/1.1" 500 11759 15
127.0.0.1 - - [03/Feb/2023:19:57:59 +0900] "GET /api/members/1/starred HTTP/1.1" 500 170586 21
0:0:0:0:0:0:0:1 - - [03/Feb/2023:19:57:59 +0900] "OPTIONS /token/refresh HTTP/1.1" 403 31 2
0:0:0:0:0:0:0:1 - - [03/Feb/2023:19:58:49 +0900] "GET /oauth2/authorization/kakao HTTP/1.1" 302 - 1
0:0:0:0:0:0:0:1 - - [03/Feb/2023:19:58:50 +0900] "GET /login/oauth2/code/kakao?code=o9U-FfxcUSLFIUvQ7KB3x47wYwAfhx47p3EhHZQcWYmqvi1mS7fMdWyc3QAv51JYbqWasgopyNgAAAGGFu3YDg&state=kQXJQkRzKhcn_p5_9x8q6RzA6bxImr-fR7VYr8t9R68%3D HTTP/1.1" 200 343 285
127.0.0.1 - - [03/Feb/2023:19:59:01 +0900] "GET /api/members/1 HTTP/1.1" 500 11759 15
127.0.0.1 - - [03/Feb/2023:19:59:01 +0900] "GET /api/members/1/starred HTTP/1.1" 500 170586 18
0:0:0:0:0:0:0:1 - - [03/Feb/2023:19:59:01 +0900] "OPTIONS /token/refresh HTTP/1.1" 403 31 2
127.0.0.1 - - [03/Feb/2023:19:59:26 +0900] "GET /api/members/1/starred HTTP/1.1" 500 170586 14
0:0:0:0:0:0:0:1 - - [03/Feb/2023:19:59:26 +0900] "OPTIONS /token/refresh HTTP/1.1" 403 31 2
127.0.0.1 - - [03/Feb/2023:19:59:54 +0900] "GET /api/members/1 HTTP/1.1" 500 11759 18
127.0.0.1 - - [03/Feb/2023:19:59:54 +0900] "GET /api/members/1/starred HTTP/1.1" 500 170586 20
0:0:0:0:0:0:0:1 - - [03/Feb/2023:19:59:54 +0900] "OPTIONS /token/refresh HTTP/1.1" 403 31 2
127.0.0.1 - - [03/Feb/2023:20:00:01 +0900] "GET /api/members/1 HTTP/1.1" 500 11759 17
127.0.0.1 - - [03/Feb/2023:20:00:01 +0900] "GET /api/members/1/starred HTTP/1.1" 500 170586 18
0:0:0:0:0:0:0:1 - - [03/Feb/2023:20:00:01 +0900] "OPTIONS /token/refresh HTTP/1.1" 403 31 2
127.0.0.1 - - [03/Feb/2023:20:00:30 +0900] "GET /api/members/1/starred HTTP/1.1" 500 170586 73
127.0.0.1 - - [03/Feb/2023:20:00:30 +0900] "GET /api/members/1 HTTP/1.1" 404 52 87
0:0:0:0:0:0:0:1 - - [03/Feb/2023:20:00:30 +0900] "OPTIONS /token/refresh HTTP/1.1" 403 31 2
127.0.0.1 - - [03/Feb/2023:20:00:36 +0900] "GET /api/members/1 HTTP/1.1" 404 52 17
127.0.0.1 - - [03/Feb/2023:20:00:36 +0900] "GET /api/members/1/starred HTTP/1.1" 500 168654 22
0:0:0:0:0:0:0:1 - - [03/Feb/2023:20:00:36 +0900] "OPTIONS /token/refresh HTTP/1.1" 403 31 4
127.0.0.1 - - [03/Feb/2023:20:01:07 +0900] "GET /api/members/1 HTTP/1.1" 404 52 19
127.0.0.1 - - [03/Feb/2023:20:01:07 +0900] "GET /api/members/1/starred HTTP/1.1" 500 168654 15
0:0:0:0:0:0:0:1 - - [03/Feb/2023:20:01:07 +0900] "OPTIONS /token/refresh HTTP/1.1" 403 31 3
0:0:0:0:0:0:0:1 - - [03/Feb/2023:20:02:05 +0900] "GET /oauth2/authorization/kakao HTTP/1.1" 302 - 1239
0:0:0:0:0:0:0:1 - - [03/Feb/2023:20:02:05 +0900] "GET /login/oauth2/code/kakao?code=VDxDE6FJ_UL2HYzUDNGoN5xWYGxF1ouewQz0XGD8bJoqxJj4VB-FSOJtwtYTQCOUzfCEJQo9dNoAAAGGFvDSJA&state=yKPrBBRz2doeBAbYQ5zodJg4XwqXqrAwbvBsjGh9I0I%3D HTTP/1.1" 200 343 622
127.0.0.1 - - [03/Feb/2023:20:02:24 +0900] "GET /api/members/1 HTTP/1.1" 404 52 2971
127.0.0.1 - - [03/Feb/2023:20:02:24 +0900] "GET /api/members/1/starred HTTP/1.1" 500 172248 2732
0:0:0:0:0:0:0:1 - - [03/Feb/2023:20:02:24 +0900] "OPTIONS /token/refresh HTTP/1.1" 403 31 10
127.0.0.1 - - [03/Feb/2023:20:02:45 +0900] "GET /api/members/1/starred HTTP/1.1" 500 172248 24
0:0:0:0:0:0:0:1 - - [03/Feb/2023:20:02:45 +0900] "OPTIONS /token/refresh HTTP/1.1" 403 31 3
127.0.0.1 - - [03/Feb/2023:20:02:50 +0900] "GET /api/members/1 HTTP/1.1" 404 52 18
127.0.0.1 - - [03/Feb/2023:20:02:50 +0900] "GET /api/members/1/starred HTTP/1.1" 500 172248 25
0:0:0:0:0:0:0:1 - - [03/Feb/2023:20:02:50 +0900] "OPTIONS /token/refresh HTTP/1.1" 403 31 4
127.0.0.1 - - [03/Feb/2023:20:02:53 +0900] "GET /api/members/1 HTTP/1.1" 404 52 18
127.0.0.1 - - [03/Feb/2023:20:02:53 +0900] "GET /api/members/1/starred HTTP/1.1" 500 172248 23
0:0:0:0:0:0:0:1 - - [03/Feb/2023:20:02:53 +0900] "OPTIONS /token/refresh HTTP/1.1" 403 31 3
0:0:0:0:0:0:0:1 - - [03/Feb/2023:20:09:58 +0900] "GET /oauth2/authorization/kakao HTTP/1.1" 302 - 4
0:0:0:0:0:0:0:1 - - [03/Feb/2023:20:09:58 +0900] "GET /login/oauth2/code/kakao?code=D_cYcq9CnLyAwJ0Ct8-Qlafv17t18yH4Rald6NqJxYpKxufi6c1D3oRP0SBVW9EF67cHygo9c-sAAAGGFvgKXg&state=UvH_R8P-rNhHj0xUorO0u-mOCjDjsFj1NeEKBL8PUNg%3D HTTP/1.1" 200 343 244
0:0:0:0:0:0:0:1 - - [03/Feb/2023:20:13:10 +0900] "GET /oauth2/authorization/kakao HTTP/1.1" 302 - 2
0:0:0:0:0:0:0:1 - - [03/Feb/2023:20:13:11 +0900] "GET /login/oauth2/code/kakao?code=8OX_FlcUOj1cu3FsHXg5boaaBcI_YbQDEE98gNIvtyFZWpFzoauOFCunzDRbPsd05JaQygorDNQAAAGGFvr7KA&state=i3s3GevvDKIrdqbV_0s4vhLrawDtCMldesfP0-I59YQ%3D HTTP/1.1" 200 343 586
127.0.0.1 - - [03/Feb/2023:20:13:21 +0900] "GET /api/members/1 HTTP/1.1" 200 97 41
127.0.0.1 - - [03/Feb/2023:20:13:22 +0900] "GET /api/members/1/starred HTTP/1.1" 200 12 202
127.0.0.1 - - [03/Feb/2023:20:13:28 +0900] "GET /api/members/1/starred HTTP/1.1" 200 12 17
127.0.0.1 - - [03/Feb/2023:20:13:47 +0900] "GET /api/members/1 HTTP/1.1" 200 97 20
127.0.0.1 - - [03/Feb/2023:20:13:47 +0900] "GET /api/members/1/starred HTTP/1.1" 200 12 19
127.0.0.1 - - [03/Feb/2023:20:13:48 +0900] "GET /api/members/1/games?order=RECENT&period=WEEK&search=MEMBER&keyword=&page=1 HTTP/1.1" 200 479 81
0:0:0:0:0:0:0:1 - - [03/Feb/2023:20:13:48 +0900] "GET /static/gameImages/1/absc HTTP/1.1" 404 157 17
127.0.0.1 - - [03/Feb/2023:20:13:48 +0900] "GET /api/members/1/bestcuts?order=RECENT&period=WEEK&search=MEMBER&keyword=&page=1 HTTP/1.1" 200 327 39
127.0.0.1 - - [03/Feb/2023:20:13:55 +0900] "GET /api/members/1 HTTP/1.1" 200 97 20
127.0.0.1 - - [03/Feb/2023:20:13:55 +0900] "GET /api/members/1/bestcuts?order=RECENT&period=WEEK&search=MEMBER&keyword=&page=1 HTTP/1.1" 200 327 28
127.0.0.1 - - [03/Feb/2023:20:31:24 +0900] "GET /api/members/1 HTTP/1.1" 200 97 4259
127.0.0.1 - - [03/Feb/2023:20:31:24 +0900] "GET /api/members/1/starred HTTP/1.1" 200 12 914
127.0.0.1 - - [03/Feb/2023:20:31:24 +0900] "GET /api/members/1/games?order=RECENT&period=WEEK&search=MEMBER&keyword=&page=1 HTTP/1.1" 200 479 3746
127.0.0.1 - - [03/Feb/2023:20:31:24 +0900] "GET /api/members/1/bestcuts?order=RECENT&period=WEEK&search=MEMBER&keyword=&page=1 HTTP/1.1" 200 327 2065
127.0.0.1 - - [03/Feb/2023:20:31:24 +0900] "GET /api/members/1/bestcuts?order=RECENT&period=WEEK&search=MEMBER&keyword=&page=1 HTTP/1.1" 200 327 4419
127.0.0.1 - - [03/Feb/2023:20:31:28 +0900] "GET /api/members/1/games?order=RECENT&period=WEEK&search=MEMBER&keyword=&page=1 HTTP/1.1" 200 479 23
0:0:0:0:0:0:0:1 - - [03/Feb/2023:20:31:28 +0900] "GET /static/gameImages/1/absc HTTP/1.1" 404 157 22
127.0.0.1 - - [03/Feb/2023:20:31:29 +0900] "GET /api/members/1/bestcuts?order=RECENT&period=WEEK&search=MEMBER&keyword=&page=1 HTTP/1.1" 200 327 18
127.0.0.1 - - [03/Feb/2023:20:31:30 +0900] "GET /api/members/1/games?order=RECENT&period=WEEK&search=MEMBER&keyword=&page=1 HTTP/1.1" 200 479 22
0:0:0:0:0:0:0:1 - - [03/Feb/2023:20:31:30 +0900] "GET /static/gameImages/1/absc HTTP/1.1" 404 157 6
127.0.0.1 - - [03/Feb/2023:20:31:36 +0900] "GET /api/members/1/bestcuts?order=RECENT&period=WEEK&search=MEMBER&keyword=&page=1 HTTP/1.1" 200 327 24
127.0.0.1 - - [03/Feb/2023:20:33:20 +0900] "GET /api/members/1 HTTP/1.1" 200 97 21
127.0.0.1 - - [03/Feb/2023:20:33:20 +0900] "GET /api/members/1/bestcuts?order=RECENT&period=WEEK&search=MEMBER&keyword=&page=1 HTTP/1.1" 200 327 24
127.0.0.1 - - [03/Feb/2023:20:33:20 +0900] "GET /api/members/1/games?order=RECENT&period=WEEK&search=MEMBER&keyword=&page=1 HTTP/1.1" 200 484 21
0:0:0:0:0:0:0:1 - - [03/Feb/2023:20:33:20 +0900] "GET /static/gameImages/1/game1.jsp HTTP/1.1" 404 162 14
127.0.0.1 - - [03/Feb/2023:20:35:24 +0900] "GET /api/members/1 HTTP/1.1" 200 97 19
127.0.0.1 - - [03/Feb/2023:20:35:24 +0900] "GET /api/members/1/games?order=RECENT&period=WEEK&search=MEMBER&keyword=&page=1 HTTP/1.1" 200 484 22
0:0:0:0:0:0:0:1 - - [03/Feb/2023:20:35:24 +0900] "GET /static/gameImages/1/game1.jsp HTTP/1.1" 404 162 11
127.0.0.1 - - [03/Feb/2023:20:35:31 +0900] "GET /api/members/1 HTTP/1.1" 200 97 20
127.0.0.1 - - [03/Feb/2023:20:35:31 +0900] "GET /api/members/1/games?order=RECENT&period=WEEK&search=MEMBER&keyword=&page=1 HTTP/1.1" 200 484 28
0:0:0:0:0:0:0:1 - - [03/Feb/2023:20:35:31 +0900] "GET /static/gameImages/1/game1.jsp HTTP/1.1" 404 162 5
127.0.0.1 - - [03/Feb/2023:20:35:40 +0900] "GET /api/members/1/bestcuts?order=RECENT&period=WEEK&search=MEMBER&keyword=&page=1 HTTP/1.1" 200 327 22
0:0:0:0:0:0:0:1 - - [03/Feb/2023:20:36:34 +0900] "GET /static/gameImages/1/game1.jsp HTTP/1.1" 404 306 43
127.0.0.1 - - [03/Feb/2023:20:37:37 +0900] "GET /api/games?order=POPULARITY&period=ALL&search=GAME&keyword=&page=1 HTTP/1.1" 200 484 28
0:0:0:0:0:0:0:1 - - [03/Feb/2023:20:37:37 +0900] "GET /static/gameImages/1/game1.jsp HTTP/1.1" 404 162 6
127.0.0.1 - - [03/Feb/2023:20:38:46 +0900] "GET /api/games?order=POPULARITY&period=ALL&search=GAME&keyword=&page=1 HTTP/1.1" 200 484 10
0:0:0:0:0:0:0:1 - - [03/Feb/2023:20:38:46 +0900] "GET /static/gameImages/1/game1.jpg HTTP/1.1" 404 162 8
127.0.0.1 - - [03/Feb/2023:20:39:27 +0900] "GET /api/members/1 HTTP/1.1" 200 97 16
127.0.0.1 - - [03/Feb/2023:20:39:27 +0900] "GET /api/members/1/records HTTP/1.1" 200 27 10
127.0.0.1 - - [03/Feb/2023:20:39:30 +0900] "GET /api/members/1/starred HTTP/1.1" 200 12 17
127.0.0.1 - - [03/Feb/2023:20:39:32 +0900] "GET /api/members/1/games?order=RECENT&period=WEEK&search=MEMBER&keyword=&page=1 HTTP/1.1" 200 484 19
0:0:0:0:0:0:0:1 - - [03/Feb/2023:20:39:32 +0900] "GET /static/gameImages/1/game1.jpg HTTP/1.1" 404 162 5
127.0.0.1 - - [03/Feb/2023:20:39:34 +0900] "GET /api/members/1/bestcuts?order=RECENT&period=WEEK&search=MEMBER&keyword=&page=1 HTTP/1.1" 200 327 20
127.0.0.1 - - [03/Feb/2023:20:39:35 +0900] "GET /api/members/1/games?order=RECENT&period=WEEK&search=MEMBER&keyword=&page=1 HTTP/1.1" 200 484 20
0:0:0:0:0:0:0:1 - - [03/Feb/2023:20:39:35 +0900] "GET /static/gameImages/1/game1.jpg HTTP/1.1" 404 162 4
127.0.0.1 - - [03/Feb/2023:20:45:37 +0900] "GET /api/members/1 HTTP/1.1" 200 97 3032
127.0.0.1 - - [03/Feb/2023:20:45:37 +0900] "GET /api/members/1/games?order=RECENT&period=WEEK&search=MEMBER&keyword=&page=1 HTTP/1.1" 200 484 3218
127.0.0.1 - - [03/Feb/2023:20:45:37 +0900] "GET /api/members/1/bestcuts?order=RECENT&period=WEEK&search=MEMBER&keyword=&page=1 HTTP/1.1" 200 327 63
127.0.0.1 - - [03/Feb/2023:20:45:41 +0900] "GET /api/members/1/games?order=RECENT&period=WEEK&search=MEMBER&keyword=&page=1 HTTP/1.1" 200 484 22
0:0:0:0:0:0:0:1 - - [03/Feb/2023:20:45:41 +0900] "GET /static/gameImages/1/game1.jpg HTTP/1.1" 200 6990 12
127.0.0.1 - - [03/Feb/2023:20:45:43 +0900] "GET /api/members/1/starred HTTP/1.1" 200 12 36
127.0.0.1 - - [03/Feb/2023:20:45:44 +0900] "GET /api/members/1/records HTTP/1.1" 200 27 15
127.0.0.1 - - [03/Feb/2023:20:45:45 +0900] "GET /api/members/1/games?order=RECENT&period=WEEK&search=MEMBER&keyword=&page=1 HTTP/1.1" 200 484 22
0:0:0:0:0:0:0:1 - - [03/Feb/2023:20:45:45 +0900] "GET /static/gameImages/1/game1.jpg HTTP/1.1" 200 6990 7
127.0.0.1 - - [03/Feb/2023:20:45:57 +0900] "GET /api/members/1 HTTP/1.1" 200 97 21
127.0.0.1 - - [03/Feb/2023:20:45:57 +0900] "GET /api/members/1/games?order=RECENT&period=WEEK&search=MEMBER&keyword=&page=1 HTTP/1.1" 200 484 22
0:0:0:0:0:0:0:1 - - [03/Feb/2023:20:45:57 +0900] "GET /static/gameImages/1/game1.jpg HTTP/1.1" 200 6990 6
127.0.0.1 - - [03/Feb/2023:20:46:03 +0900] "GET /api/members/1/records HTTP/1.1" 200 27 13
127.0.0.1 - - [03/Feb/2023:20:46:04 +0900] "GET /api/members/1 HTTP/1.1" 200 97 19
127.0.0.1 - - [03/Feb/2023:20:46:04 +0900] "GET /api/members/1/records HTTP/1.1" 200 27 15
127.0.0.1 - - [03/Feb/2023:20:46:32 +0900] "GET /api/members/1/bestcuts?order=RECENT&period=WEEK&search=MEMBER&keyword=&page=1 HTTP/1.1" 200 327 22
127.0.0.1 - - [03/Feb/2023:20:46:33 +0900] "GET /api/members/1/starred HTTP/1.1" 200 12 21
127.0.0.1 - - [03/Feb/2023:20:46:34 +0900] "GET /api/members/1/games?order=RECENT&period=WEEK&search=MEMBER&keyword=&page=1 HTTP/1.1" 200 484 19
0:0:0:0:0:0:0:1 - - [03/Feb/2023:20:46:34 +0900] "GET /static/gameImages/1/game1.jpg HTTP/1.1" 200 6990 4
127.0.0.1 - - [03/Feb/2023:20:47:18 +0900] "GET /api/members/1/starred HTTP/1.1" 200 12 15
127.0.0.1 - - [03/Feb/2023:20:47:20 +0900] "GET /api/members/1/bestcuts?order=RECENT&period=WEEK&search=MEMBER&keyword=&page=1 HTTP/1.1" 200 327 20
127.0.0.1 - - [03/Feb/2023:20:48:17 +0900] "GET /api/members/1/bestcuts?order=RECENT&period=WEEK&search=MEMBER&keyword=&page=1 HTTP/1.1" 200 327 17
127.0.0.1 - - [03/Feb/2023:20:48:56 +0900] "GET /api/members/1/games?order=RECENT&period=WEEK&search=MEMBER&keyword=&page=1 HTTP/1.1" 200 484 18
0:0:0:0:0:0:0:1 - - [03/Feb/2023:20:48:56 +0900] "GET /static/gameImages/1/game1.jpg HTTP/1.1" 200 6990 6
127.0.0.1 - - [03/Feb/2023:20:49:59 +0900] "GET /api/members/1/bestcuts?order=RECENT&period=WEEK&search=MEMBER&keyword=&page=1 HTTP/1.1" 200 327 20
127.0.0.1 - - [03/Feb/2023:20:50:01 +0900] "GET /api/members/1 HTTP/1.1" 200 97 17
127.0.0.1 - - [03/Feb/2023:20:50:01 +0900] "GET /api/members/1/bestcuts?order=RECENT&period=WEEK&search=MEMBER&keyword=&page=1 HTTP/1.1" 200 327 24
127.0.0.1 - - [03/Feb/2023:20:50:08 +0900] "GET /api/members/1/games?order=RECENT&period=WEEK&search=MEMBER&keyword=&page=1 HTTP/1.1" 200 484 20
0:0:0:0:0:0:0:1 - - [03/Feb/2023:20:50:08 +0900] "GET /static/gameImages/1/game1.jpg HTTP/1.1" 200 6990 4
127.0.0.1 - - [03/Feb/2023:20:50:09 +0900] "GET /api/members/1/bestcuts?order=RECENT&period=WEEK&search=MEMBER&keyword=&page=1 HTTP/1.1" 200 327 19
127.0.0.1 - - [03/Feb/2023:20:50:14 +0900] "GET /api/members/1/games?order=RECENT&period=WEEK&search=MEMBER&keyword=&page=1 HTTP/1.1" 200 484 21
0:0:0:0:0:0:0:1 - - [03/Feb/2023:20:50:14 +0900] "GET /static/gameImages/1/game1.jpg HTTP/1.1" 200 6990 5
127.0.0.1 - - [03/Feb/2023:20:50:15 +0900] "GET /api/members/1/bestcuts?order=RECENT&period=WEEK&search=MEMBER&keyword=&page=1 HTTP/1.1" 200 327 20
0:0:0:0:0:0:0:1 - - [03/Feb/2023:20:52:35 +0900] "GET /api/members/1/bestcuts?%22order%22&%22period%22&%22search%22&%22keyword%22&%22page%22=1 HTTP/1.1" 200 327 15
0:0:0:0:0:0:0:1 - - [03/Feb/2023:20:52:58 +0900] "GET /api/members/1/bestcuts?order=%22%22&period&search&keyword&page=1 HTTP/1.1" 500 28990 20
0:0:0:0:0:0:0:1 - - [03/Feb/2023:20:53:06 +0900] "GET /api/members/1/bestcuts?order=&period&search&keyword&page=1 HTTP/1.1" 200 327 10
0:0:0:0:0:0:0:1 - - [03/Feb/2023:20:53:31 +0900] "GET /api/members/1/bestcuts?order=RECENT&period=WEEK&search=MEMBER&keyword&page=1 HTTP/1.1" 200 327 9
0:0:0:0:0:0:0:1 - - [03/Feb/2023:20:53:39 +0900] "GET /api/members/1/bestcuts?order=RECENT&period=WEEK&search=MEMBER&keyword&page=1 HTTP/1.1" 200 327 10
0:0:0:0:0:0:0:1 - - [03/Feb/2023:20:55:33 +0900] "GET /api/members/1/bestcuts?order=RECENT&period=WEEK&search=MEMBER&keyword&page=1 HTTP/1.1" 200 327 496
0:0:0:0:0:0:0:1 - - [03/Feb/2023:20:57:01 +0900] "GET /members/1/games?order=RECENT&period=WEEK&search=MEMBER&keyword&page=1 HTTP/1.1" 404 148 88
0:0:0:0:0:0:0:1 - - [03/Feb/2023:20:57:09 +0900] "GET /api/members/1/games?order=RECENT&period=WEEK&search=MEMBER&keyword&page=1 HTTP/1.1" 200 484 80
0:0:0:0:0:0:0:1 - - [03/Feb/2023:20:57:32 +0900] "GET /api/members/1/games?order=RECENT&period=DAY&search=MEMBER&keyword&page=1 HTTP/1.1" 200 327 13
0:0:0:0:0:0:0:1 - - [03/Feb/2023:20:57:37 +0900] "GET /api/members/1/games?order=RECENT&period=MONTH&search=MEMBER&keyword&page=1 HTTP/1.1" 200 484 13
0:0:0:0:0:0:0:1 - - [03/Feb/2023:20:57:45 +0900] "GET /api/members/1/games?order=RECENT&period=ALL&search=MEMBER&keyword&page=1 HTTP/1.1" 200 484 32
0:0:0:0:0:0:0:1 - - [03/Feb/2023:20:58:27 +0900] "GET /api/members/1/games?order=RECENT&period=ALL&search=GAME&keyword&page=1 HTTP/1.1" 200 484 22
0:0:0:0:0:0:0:1 - - [03/Feb/2023:20:58:42 +0900] "GET /api/members/1/bestcuts?order=RECENT&period=ALL&search=MEMBER&keyword&page=1 HTTP/1.1" 200 327 15
0:0:0:0:0:0:0:1 - - [03/Feb/2023:20:58:48 +0900] "GET /api/members/1/bestcuts?order=RECENT&period=ALL&search=MEMBER&keyword=%22%22&page=1 HTTP/1.1" 200 327 9
0:0:0:0:0:0:0:1 - - [03/Feb/2023:20:58:56 +0900] "GET /api/members/1/bestcuts?order=RECENT&period=ALL&search=&page=1 HTTP/1.1" 200 327 15
0:0:0:0:0:0:0:1 - - [03/Feb/2023:20:59:06 +0900] "GET /api/members/1/bestcuts?order=RECENT&period=ALL&search=MEMBER&page=1 HTTP/1.1" 500 30766 26
0:0:0:0:0:0:0:1 - - [03/Feb/2023:20:59:29 +0900] "GET /api/members/1/bestcuts?order=RECENT&period=ALL&search=MEMBER&page=1&keyword HTTP/1.1" 200 327 10
0:0:0:0:0:0:0:1 - - [03/Feb/2023:21:03:03 +0900] "GET /api/members/1/bestcuts?order=RECENT&period=ALL&search=MEMBER&page=1&keyword HTTP/1.1" 200 327 9
0:0:0:0:0:0:0:1 - - [03/Feb/2023:21:03:15 +0900] "GET /api/members/1/bestcuts?order=RECENT&period=WEEK&search=MEMBER&page=1&keyword HTTP/1.1" 200 327 12
0:0:0:0:0:0:0:1 - - [03/Feb/2023:21:03:16 +0900] "GET /api/members/1/bestcuts?order=RECENT&period=WEEK&search=MEMBER&page=1&keyword HTTP/1.1" 200 327 11
0:0:0:0:0:0:0:1 - - [03/Feb/2023:21:03:17 +0900] "GET /api/members/1/bestcuts?order=RECENT&period=WEEK&search=MEMBER&page=1&keyword HTTP/1.1" 200 327 10
0:0:0:0:0:0:0:1 - - [03/Feb/2023:21:03:17 +0900] "GET /api/members/1/bestcuts?order=RECENT&period=WEEK&search=MEMBER&page=1&keyword HTTP/1.1" 200 327 10
0:0:0:0:0:0:0:1 - - [03/Feb/2023:21:03:18 +0900] "GET /api/members/1/bestcuts?order=RECENT&period=WEEK&search=MEMBER&page=1&keyword HTTP/1.1" 200 327 10
0:0:0:0:0:0:0:1 - - [03/Feb/2023:21:04:10 +0900] "GET /api/members/1/bestcuts?order=RECENT&period=WEEK&search=MEMBER&page=1&keyword HTTP/1.1" 200 327 10
0:0:0:0:0:0:0:1 - - [03/Feb/2023:21:05:23 +0900] "GET /api/members/1/games?order=RECENT&period=ALL&search=GAME&keyword&page=1 HTTP/1.1" 200 484 13
0:0:0:0:0:0:0:1 - - [03/Feb/2023:21:15:42 +0900] "GET /api/members/1/games?order=RECENT&period=ALL&search=GAME&keyword&page=1 HTTP/1.1" 200 484 590
0:0:0:0:0:0:0:1 - - [03/Feb/2023:21:16:43 +0900] "GET /api/members/1/games?order=RECENT&period=ALL&search=GAME&keyword&page=1 HTTP/1.1" 200 484 15
0:0:0:0:0:0:0:1 - - [03/Feb/2023:21:18:46 +0900] "GET /api/members/1/games?order=RECENT&period=ALL&search=GAME&keyword&page=1 HTTP/1.1" 200 484 89
127.0.0.1 - - [03/Feb/2023:21:20:56 +0900] "GET /api/members/1/games?order=RECENT&period=WEEK&search=MEMBER&keyword=&page=1 HTTP/1.1" 200 483 1105
127.0.0.1 - - [03/Feb/2023:21:20:56 +0900] "GET /api/members/1/games?order=RECENT&period=WEEK&search=MEMBER&keyword=&page=1 HTTP/1.1" 200 483 2768
127.0.0.1 - - [03/Feb/2023:21:20:56 +0900] "GET /api/members/1/bestcuts?order=RECENT&period=WEEK&search=MEMBER&keyword=&page=1 HTTP/1.1" 200 580 2205
0:0:0:0:0:0:0:1 - - [03/Feb/2023:21:20:56 +0900] "GET /static/gameImages/1/game1.jpg HTTP/1.1" 200 6990 12
127.0.0.1 - - [03/Feb/2023:21:20:57 +0900] "GET /api/members/1/starred HTTP/1.1" 200 161 56
0:0:0:0:0:0:0:1 - - [03/Feb/2023:21:20:57 +0900] "GET /static/gameImages/1/game1.jpg HTTP/1.1" 200 6990 5
127.0.0.1 - - [03/Feb/2023:21:20:58 +0900] "GET /api/members/1/games?order=RECENT&period=WEEK&search=MEMBER&keyword=&page=1 HTTP/1.1" 200 483 21
0:0:0:0:0:0:0:1 - - [03/Feb/2023:21:20:58 +0900] "GET /static/gameImages/1/game1.jpg HTTP/1.1" 200 6990 5
127.0.0.1 - - [03/Feb/2023:21:20:59 +0900] "GET /api/members/1/bestcuts?order=RECENT&period=WEEK&search=MEMBER&keyword=&page=1 HTTP/1.1" 200 580 19
127.0.0.1 - - [03/Feb/2023:21:21:57 +0900] "GET /api/members/1 HTTP/1.1" 200 97 39
127.0.0.1 - - [03/Feb/2023:21:21:57 +0900] "GET /api/members/1/bestcuts?order=RECENT&period=WEEK&search=MEMBER&keyword=&page=1 HTTP/1.1" 200 580 28
127.0.0.1 - - [03/Feb/2023:21:23:09 +0900] "GET /api/members/1 HTTP/1.1" 200 97 18
127.0.0.1 - - [03/Feb/2023:21:23:09 +0900] "GET /api/members/1/bestcuts?order=RECENT&period=WEEK&search=MEMBER&keyword=&page=1 HTTP/1.1" 200 580 23
127.0.0.1 - - [03/Feb/2023:21:23:23 +0900] "GET /api/members/1 HTTP/1.1" 200 97 21
127.0.0.1 - - [03/Feb/2023:21:23:23 +0900] "GET /api/members/1/bestcuts?order=RECENT&period=WEEK&search=MEMBER&keyword=&page=1 HTTP/1.1" 200 580 29
127.0.0.1 - - [03/Feb/2023:21:24:54 +0900] "GET /api/members/1 HTTP/1.1" 200 97 50
127.0.0.1 - - [03/Feb/2023:21:24:54 +0900] "GET /api/members/1/bestcuts?order=RECENT&period=WEEK&search=MEMBER&keyword=&page=1 HTTP/1.1" 200 580 87
127.0.0.1 - - [03/Feb/2023:21:25:10 +0900] "GET /api/members/1 HTTP/1.1" 200 97 20
127.0.0.1 - - [03/Feb/2023:21:25:10 +0900] "GET /api/members/1/games?order=RECENT&period=WEEK&search=MEMBER&keyword=&page=1 HTTP/1.1" 200 483 65
0:0:0:0:0:0:0:1 - - [03/Feb/2023:21:25:10 +0900] "GET /static/gameImages/1/game1.jpg HTTP/1.1" 200 6990 5
127.0.0.1 - - [03/Feb/2023:21:25:11 +0900] "GET /api/members/1/bestcuts?order=RECENT&period=WEEK&search=MEMBER&keyword=&page=1 HTTP/1.1" 200 580 18
127.0.0.1 - - [03/Feb/2023:21:25:13 +0900] "GET /api/members/1 HTTP/1.1" 200 97 19
127.0.0.1 - - [03/Feb/2023:21:25:13 +0900] "GET /api/members/1/games?order=RECENT&period=WEEK&search=MEMBER&keyword=&page=1 HTTP/1.1" 200 483 22
0:0:0:0:0:0:0:1 - - [03/Feb/2023:21:25:13 +0900] "GET /static/gameImages/1/game1.jpg HTTP/1.1" 200 6990 7
127.0.0.1 - - [03/Feb/2023:21:25:15 +0900] "GET /api/members/1/starred HTTP/1.1" 200 161 31
0:0:0:0:0:0:0:1 - - [03/Feb/2023:21:25:15 +0900] "GET /static/gameImages/1/game1.jpg HTTP/1.1" 200 6990 5
127.0.0.1 - - [03/Feb/2023:21:25:17 +0900] "GET /api/members/1/games?order=RECENT&period=WEEK&search=MEMBER&keyword=&page=1 HTTP/1.1" 200 483 25
0:0:0:0:0:0:0:1 - - [03/Feb/2023:21:25:17 +0900] "GET /static/gameImages/1/game1.jpg HTTP/1.1" 200 6990 4
127.0.0.1 - - [03/Feb/2023:21:25:19 +0900] "GET /api/members/1/starred HTTP/1.1" 200 161 14
0:0:0:0:0:0:0:1 - - [03/Feb/2023:21:25:19 +0900] "GET /static/gameImages/1/game1.jpg HTTP/1.1" 200 6990 6
127.0.0.1 - - [03/Feb/2023:21:25:21 +0900] "GET /api/members/1/games?order=RECENT&period=WEEK&search=MEMBER&keyword=&page=1 HTTP/1.1" 200 483 17
0:0:0:0:0:0:0:1 - - [03/Feb/2023:21:25:21 +0900] "GET /static/gameImages/1/game1.jpg HTTP/1.1" 200 6990 5
127.0.0.1 - - [03/Feb/2023:21:25:29 +0900] "GET /api/members/1/bestcuts?order=RECENT&period=WEEK&search=MEMBER&keyword=&page=1 HTTP/1.1" 200 580 17
127.0.0.1 - - [03/Feb/2023:21:31:58 +0900] "GET /api/members/1 HTTP/1.1" 200 97 20
127.0.0.1 - - [03/Feb/2023:21:31:58 +0900] "GET /api/members/1/starred HTTP/1.1" 200 161 22
0:0:0:0:0:0:0:1 - - [03/Feb/2023:21:31:59 +0900] "GET /static/gameImages/1/game1.jpg HTTP/1.1" 200 6990 6
127.0.0.1 - - [03/Feb/2023:21:32:01 +0900] "GET /api/members/1/games?order=RECENT&period=WEEK&search=MEMBER&keyword=&page=1 HTTP/1.1" 200 483 17
0:0:0:0:0:0:0:1 - - [03/Feb/2023:21:32:01 +0900] "GET /static/gameImages/1/game1.jpg HTTP/1.1" 200 6990 5
127.0.0.1 - - [03/Feb/2023:21:33:44 +0900] "POST /api/game-rooms HTTP/1.1" 500 6564 25
127.0.0.1 - - [03/Feb/2023:21:33:59 +0900] "GET /api/members/1 HTTP/1.1" 200 97 17
127.0.0.1 - - [03/Feb/2023:21:33:59 +0900] "GET /api/members/1/games?order=RECENT&period=WEEK&search=MEMBER&keyword=&page=1 HTTP/1.1" 200 647 22
0:0:0:0:0:0:0:1 - - [03/Feb/2023:21:33:59 +0900] "GET /static/gameImages/1/game1.jpg HTTP/1.1" 200 6990 7
0:0:0:0:0:0:0:1 - - [03/Feb/2023:21:33:59 +0900] "GET /static/gameImages/2/game2.jpg HTTP/1.1" 404 162 8
127.0.0.1 - - [03/Feb/2023:21:34:00 +0900] "GET /api/members/1/starred HTTP/1.1" 200 170 15
0:0:0:0:0:0:0:1 - - [03/Feb/2023:21:34:00 +0900] "GET /static/gameImages/1/game1.jpg HTTP/1.1" 200 6990 5
127.0.0.1 - - [03/Feb/2023:21:34:01 +0900] "GET /api/members/1/games?order=RECENT&period=WEEK&search=MEMBER&keyword=&page=1 HTTP/1.1" 200 647 18
0:0:0:0:0:0:0:1 - - [03/Feb/2023:21:34:01 +0900] "GET /static/gameImages/1/game1.jpg HTTP/1.1" 200 6990 4
0:0:0:0:0:0:0:1 - - [03/Feb/2023:21:34:01 +0900] "GET /static/gameImages/2/game2.jpg HTTP/1.1" 404 162 3
127.0.0.1 - - [03/Feb/2023:21:35:14 +0900] "GET /api/members/1 HTTP/1.1" 200 97 18
127.0.0.1 - - [03/Feb/2023:21:35:14 +0900] "GET /api/members/1/games?order=RECENT&period=WEEK&search=MEMBER&keyword=&page=1 HTTP/1.1" 200 647 22
0:0:0:0:0:0:0:1 - - [03/Feb/2023:21:35:14 +0900] "GET /static/gameImages/1/game1.jpg HTTP/1.1" 200 6990 7
0:0:0:0:0:0:0:1 - - [03/Feb/2023:21:35:14 +0900] "GET /static/gameImages/2/game2.jpg HTTP/1.1" 404 162 15
127.0.0.1 - - [03/Feb/2023:21:35:25 +0900] "GET /api/members/1 HTTP/1.1" 200 97 19
127.0.0.1 - - [03/Feb/2023:21:35:25 +0900] "GET /api/members/1/games?order=RECENT&period=WEEK&search=MEMBER&keyword=&page=1 HTTP/1.1" 200 647 20
0:0:0:0:0:0:0:1 - - [03/Feb/2023:21:35:25 +0900] "GET /static/gameImages/1/game1.jpg HTTP/1.1" 200 6990 5
0:0:0:0:0:0:0:1 - - [03/Feb/2023:21:35:25 +0900] "GET /static/gameImages/2/game2.jpg HTTP/1.1" 404 162 6
127.0.0.1 - - [03/Feb/2023:21:36:59 +0900] "GET /api/members/1 HTTP/1.1" 200 97 74
127.0.0.1 - - [03/Feb/2023:21:36:59 +0900] "GET /api/members/1/games?order=RECENT&period=WEEK&search=MEMBER&keyword=&page=1 HTTP/1.1" 200 647 154
0:0:0:0:0:0:0:1 - - [03/Feb/2023:21:36:59 +0900] "GET /static/gameImages/1/game1.jpg HTTP/1.1" 200 6990 7
0:0:0:0:0:0:0:1 - - [03/Feb/2023:21:36:59 +0900] "GET /static/gameImages/2/game2.jpg HTTP/1.1" 200 4599 7
127.0.0.1 - - [03/Feb/2023:21:37:01 +0900] "GET /api/members/1/starred HTTP/1.1" 200 170 26
0:0:0:0:0:0:0:1 - - [03/Feb/2023:21:37:01 +0900] "GET /static/gameImages/1/game1.jpg HTTP/1.1" 200 6990 5
127.0.0.1 - - [03/Feb/2023:21:37:02 +0900] "GET /api/members/1/bestcuts?order=RECENT&period=WEEK&search=MEMBER&keyword=&page=1 HTTP/1.1" 200 580 35
127.0.0.1 - - [03/Feb/2023:21:37:17 +0900] "GET /api/members/1 HTTP/1.1" 200 97 19
127.0.0.1 - - [03/Feb/2023:21:37:17 +0900] "GET /api/members/1/games?order=RECENT&period=WEEK&search=MEMBER&keyword=&page=1 HTTP/1.1" 200 647 23
0:0:0:0:0:0:0:1 - - [03/Feb/2023:21:37:17 +0900] "GET /static/gameImages/1/game1.jpg HTTP/1.1" 200 6990 6
0:0:0:0:0:0:0:1 - - [03/Feb/2023:21:37:17 +0900] "GET /static/gameImages/2/game2.jpg HTTP/1.1" 200 4599 6
127.0.0.1 - - [03/Feb/2023:21:37:19 +0900] "GET /api/members/1/bestcuts?order=RECENT&period=WEEK&search=MEMBER&keyword=&page=1 HTTP/1.1" 200 580 16
127.0.0.1 - - [03/Feb/2023:21:37:24 +0900] "GET /api/members/1 HTTP/1.1" 200 97 15
127.0.0.1 - - [03/Feb/2023:21:37:24 +0900] "GET /api/members/1/bestcuts?order=RECENT&period=WEEK&search=MEMBER&keyword=&page=1 HTTP/1.1" 200 580 17
127.0.0.1 - - [03/Feb/2023:21:37:32 +0900] "GET /api/members/1 HTTP/1.1" 200 97 16
127.0.0.1 - - [03/Feb/2023:21:37:32 +0900] "GET /api/members/1/games?order=RECENT&period=WEEK&search=MEMBER&keyword=&page=1 HTTP/1.1" 200 647 18
0:0:0:0:0:0:0:1 - - [03/Feb/2023:21:37:32 +0900] "GET /static/gameImages/2/game2.jpg HTTP/1.1" 200 4599 6
0:0:0:0:0:0:0:1 - - [03/Feb/2023:21:37:32 +0900] "GET /static/gameImages/1/game1.jpg HTTP/1.1" 200 6990 6
127.0.0.1 - - [03/Feb/2023:21:37:36 +0900] "GET /api/members/1/bestcuts?order=RECENT&period=WEEK&search=MEMBER&keyword=&page=1 HTTP/1.1" 200 580 17
127.0.0.1 - - [03/Feb/2023:21:39:37 +0900] "GET /api/members/1 HTTP/1.1" 200 97 17
127.0.0.1 - - [03/Feb/2023:21:39:37 +0900] "GET /api/members/1/bestcuts?order=RECENT&period=WEEK&search=MEMBER&keyword=&page=1 HTTP/1.1" 200 580 22
127.0.0.1 - - [03/Feb/2023:21:39:53 +0900] "GET /api/members/1 HTTP/1.1" 200 97 15
127.0.0.1 - - [03/Feb/2023:21:39:53 +0900] "GET /api/members/1/bestcuts?order=RECENT&period=WEEK&search=MEMBER&keyword=&page=1 HTTP/1.1" 200 580 18
127.0.0.1 - - [03/Feb/2023:21:44:12 +0900] "GET /api/members/1 HTTP/1.1" 200 97 22
127.0.0.1 - - [03/Feb/2023:21:44:12 +0900] "GET /api/members/1/bestcuts?order=RECENT&period=WEEK&search=MEMBER&keyword=&page=1 HTTP/1.1" 200 580 19
127.0.0.1 - - [03/Feb/2023:21:44:36 +0900] "GET /api/members/1 HTTP/1.1" 200 97 17
127.0.0.1 - - [03/Feb/2023:21:44:36 +0900] "GET /api/members/1/bestcuts?order=RECENT&period=WEEK&search=MEMBER&keyword=&page=1 HTTP/1.1" 200 580 21
127.0.0.1 - - [03/Feb/2023:21:47:15 +0900] "GET /api/members/1 HTTP/1.1" 200 97 56
127.0.0.1 - - [03/Feb/2023:21:47:15 +0900] "GET /api/members/1/games?order=RECENT&period=WEEK&search=MEMBER&keyword=&page=1 HTTP/1.1" 200 647 104
0:0:0:0:0:0:0:1 - - [03/Feb/2023:21:47:15 +0900] "GET /static/gameImages/2/game2.jpg HTTP/1.1" 200 4599 5
0:0:0:0:0:0:0:1 - - [03/Feb/2023:21:47:15 +0900] "GET /static/gameImages/1/game1.jpg HTTP/1.1" 200 6990 9
127.0.0.1 - - [03/Feb/2023:21:47:41 +0900] "GET /api/members/1/bestcuts?order=RECENT&period=WEEK&search=MEMBER&keyword=&page=1 HTTP/1.1" 200 580 34
127.0.0.1 - - [03/Feb/2023:21:49:13 +0900] "GET /api/members/1 HTTP/1.1" 200 97 18
127.0.0.1 - - [03/Feb/2023:21:49:13 +0900] "GET /api/members/1/games?order=RECENT&period=WEEK&search=MEMBER&keyword=&page=1 HTTP/1.1" 200 647 21
0:0:0:0:0:0:0:1 - - [03/Feb/2023:21:49:13 +0900] "GET /static/gameImages/1/game1.jpg HTTP/1.1" 200 6990 4
0:0:0:0:0:0:0:1 - - [03/Feb/2023:21:49:13 +0900] "GET /static/gameImages/2/game2.jpg HTTP/1.1" 200 4599 4
0:0:0:0:0:0:0:1 - - [03/Feb/2023:21:49:53 +0900] "GET /api/members/1/games?order=RECENT&period=ALL&search=GAME&keyword&page=1 HTTP/1.1" 200 647 17
0:0:0:0:0:0:0:1 - - [03/Feb/2023:21:49:56 +0900] "GET /api/members/1/bestcuts?order=RECENT&period=WEEK&search=MEMBER&page=1&keyword HTTP/1.1" 200 580 9
127.0.0.1 - - [03/Feb/2023:21:51:22 +0900] "GET /api/members/1 HTTP/1.1" 200 97 17
127.0.0.1 - - [03/Feb/2023:21:51:22 +0900] "GET /api/members/1/games?order=RECENT&period=WEEK&search=MEMBER&keyword=&page=1 HTTP/1.1" 200 647 21
0:0:0:0:0:0:0:1 - - [03/Feb/2023:21:51:22 +0900] "GET /static/gameImages/1/game1.jpg HTTP/1.1" 200 6990 6
0:0:0:0:0:0:0:1 - - [03/Feb/2023:21:51:22 +0900] "GET /static/gameImages/2/game2.jpg HTTP/1.1" 200 4599 6
127.0.0.1 - - [03/Feb/2023:21:51:24 +0900] "GET /api/members/1/bestcuts?order=RECENT&period=WEEK&search=MEMBER&keyword=&page=1 HTTP/1.1" 200 580 18
127.0.0.1 - - [03/Feb/2023:21:51:25 +0900] "GET /api/members/1 HTTP/1.1" 200 97 17
127.0.0.1 - - [03/Feb/2023:21:51:25 +0900] "GET /api/members/1/bestcuts?order=RECENT&period=WEEK&search=MEMBER&keyword=&page=1 HTTP/1.1" 200 580 16
0:0:0:0:0:0:0:1 - - [03/Feb/2023:21:51:35 +0900] "GET /api/members/1/bestcuts?order=RECENT&period=WEEK&search=MEMBER&page=1&keyword HTTP/1.1" 200 580 10
0:0:0:0:0:0:0:1 - - [03/Feb/2023:21:51:37 +0900] "GET /api/members/1/games?order=RECENT&period=ALL&search=GAME&keyword&page=1 HTTP/1.1" 200 647 9
0:0:0:0:0:0:0:1 - - [03/Feb/2023:21:51:40 +0900] "GET /api/members/1/bestcuts?order=RECENT&period=WEEK&search=MEMBER&page=1&keyword HTTP/1.1" 200 580 7
127.0.0.1 - - [03/Feb/2023:21:51:51 +0900] "GET /api/members/1 HTTP/1.1" 200 97 15
127.0.0.1 - - [03/Feb/2023:21:51:51 +0900] "GET /api/members/1/bestcuts?order=RECENT&period=WEEK&search=MEMBER&keyword=&page=1 HTTP/1.1" 200 580 17
127.0.0.1 - - [03/Feb/2023:21:54:10 +0900] "GET /api/members/1 HTTP/1.1" 200 97 17
127.0.0.1 - - [03/Feb/2023:21:54:10 +0900] "GET /api/members/1/games?order=RECENT&period=WEEK&search=MEMBER&keyword=&page=1 HTTP/1.1" 200 647 24
0:0:0:0:0:0:0:1 - - [03/Feb/2023:21:54:10 +0900] "GET /static/gameImages/1/game1.jpg HTTP/1.1" 200 6990 6
0:0:0:0:0:0:0:1 - - [03/Feb/2023:21:54:10 +0900] "GET /static/gameImages/2/game2.jpg HTTP/1.1" 200 4599 6
127.0.0.1 - - [03/Feb/2023:21:54:10 +0900] "GET /api/members/1/bestcuts?order=RECENT&period=WEEK&search=MEMBER&keyword=&page=1 HTTP/1.1" 200 580 16
0:0:0:0:0:0:0:1 - - [03/Feb/2023:21:54:10 +0900] "GET /static/bestcuts/1/BestCut.jpg HTTP/1.1" 200 4073 5
127.0.0.1 - - [03/Feb/2023:21:54:33 +0900] "GET /api/members/1/starred HTTP/1.1" 200 170 25
0:0:0:0:0:0:0:1 - - [03/Feb/2023:21:54:33 +0900] "GET /static/gameImages/1/game1.jpg HTTP/1.1" 200 6990 3
127.0.0.1 - - [03/Feb/2023:21:54:33 +0900] "GET /api/members/1/games?order=RECENT&period=WEEK&search=MEMBER&keyword=&page=1 HTTP/1.1" 200 647 15
0:0:0:0:0:0:0:1 - - [03/Feb/2023:21:54:33 +0900] "GET /static/gameImages/1/game1.jpg HTTP/1.1" 200 6990 5
0:0:0:0:0:0:0:1 - - [03/Feb/2023:21:54:33 +0900] "GET /static/gameImages/2/game2.jpg HTTP/1.1" 200 4599 5
127.0.0.1 - - [03/Feb/2023:21:54:34 +0900] "GET /api/members/1/bestcuts?order=RECENT&period=WEEK&search=MEMBER&keyword=&page=1 HTTP/1.1" 200 580 15
0:0:0:0:0:0:0:1 - - [03/Feb/2023:21:54:34 +0900] "GET /static/bestcuts/1/BestCut.jpg HTTP/1.1" 200 4073 5
127.0.0.1 - - [03/Feb/2023:21:54:35 +0900] "GET /api/members/1/starred HTTP/1.1" 200 170 13
0:0:0:0:0:0:0:1 - - [03/Feb/2023:21:54:35 +0900] "GET /static/gameImages/1/game1.jpg HTTP/1.1" 200 6990 4
127.0.0.1 - - [03/Feb/2023:21:54:35 +0900] "GET /api/members/1/games?order=RECENT&period=WEEK&search=MEMBER&keyword=&page=1 HTTP/1.1" 200 647 17
0:0:0:0:0:0:0:1 - - [03/Feb/2023:21:54:35 +0900] "GET /static/gameImages/2/game2.jpg HTTP/1.1" 200 4599 4
0:0:0:0:0:0:0:1 - - [03/Feb/2023:21:54:35 +0900] "GET /static/gameImages/1/game1.jpg HTTP/1.1" 200 6990 5
127.0.0.1 - - [03/Feb/2023:21:54:36 +0900] "GET /api/members/1/bestcuts?order=RECENT&period=WEEK&search=MEMBER&keyword=&page=1 HTTP/1.1" 200 580 17
0:0:0:0:0:0:0:1 - - [03/Feb/2023:21:54:36 +0900] "GET /static/bestcuts/1/BestCut.jpg HTTP/1.1" 200 4073 4
127.0.0.1 - - [03/Feb/2023:21:54:39 +0900] "GET /api/members/1/games?order=RECENT&period=WEEK&search=MEMBER&keyword=&page=1 HTTP/1.1" 200 647 16
0:0:0:0:0:0:0:1 - - [03/Feb/2023:21:54:39 +0900] "GET /static/gameImages/2/game2.jpg HTTP/1.1" 200 4599 4
0:0:0:0:0:0:0:1 - - [03/Feb/2023:21:54:39 +0900] "GET /static/gameImages/1/game1.jpg HTTP/1.1" 200 6990 7
127.0.0.1 - - [03/Feb/2023:21:54:44 +0900] "GET /api/members/1/bestcuts?order=RECENT&period=WEEK&search=MEMBER&keyword=&page=1 HTTP/1.1" 200 580 15
0:0:0:0:0:0:0:1 - - [03/Feb/2023:21:54:44 +0900] "GET /static/bestcuts/1/BestCut.jpg HTTP/1.1" 200 4073 4
127.0.0.1 - - [03/Feb/2023:21:54:48 +0900] "GET /api/members/1/games?order=RECENT&period=WEEK&search=MEMBER&keyword=&page=1 HTTP/1.1" 200 647 13
0:0:0:0:0:0:0:1 - - [03/Feb/2023:21:54:48 +0900] "GET /static/gameImages/2/game2.jpg HTTP/1.1" 200 4599 4
0:0:0:0:0:0:0:1 - - [03/Feb/2023:21:54:48 +0900] "GET /static/gameImages/1/game1.jpg HTTP/1.1" 200 6990 4
127.0.0.1 - - [03/Feb/2023:21:54:57 +0900] "GET /api/games?order=POPULARITY&period=ALL&search=GAME&keyword=&page=1 HTTP/1.1" 200 647 15
0:0:0:0:0:0:0:1 - - [03/Feb/2023:21:54:57 +0900] "GET /static/gameImages/2/game2.jpg HTTP/1.1" 200 4599 4
0:0:0:0:0:0:0:1 - - [03/Feb/2023:21:54:57 +0900] "GET /static/gameImages/1/game1.jpg HTTP/1.1" 200 6990 4
127.0.0.1 - - [03/Feb/2023:21:55:02 +0900] "GET /api/members/1/records HTTP/1.1" 200 27 9
127.0.0.1 - - [03/Feb/2023:21:55:02 +0900] "GET /api/members/1 HTTP/1.1" 200 97 12
127.0.0.1 - - [03/Feb/2023:21:55:04 +0900] "GET /api/members/1/starred HTTP/1.1" 200 170 13
0:0:0:0:0:0:0:1 - - [03/Feb/2023:21:55:04 +0900] "GET /static/gameImages/1/game1.jpg HTTP/1.1" 200 6990 4
127.0.0.1 - - [03/Feb/2023:21:55:07 +0900] "GET /api/members/1/games?order=RECENT&period=WEEK&search=MEMBER&keyword=&page=1 HTTP/1.1" 200 647 15
0:0:0:0:0:0:0:1 - - [03/Feb/2023:21:55:07 +0900] "GET /static/gameImages/2/game2.jpg HTTP/1.1" 200 4599 4
0:0:0:0:0:0:0:1 - - [03/Feb/2023:21:55:07 +0900] "GET /static/gameImages/1/game1.jpg HTTP/1.1" 200 6990 4
127.0.0.1 - - [03/Feb/2023:21:55:15 +0900] "GET /api/members/1/bestcuts?order=RECENT&period=WEEK&search=MEMBER&keyword=&page=1 HTTP/1.1" 200 580 17
0:0:0:0:0:0:0:1 - - [03/Feb/2023:21:55:15 +0900] "GET /static/bestcuts/1/BestCut.jpg HTTP/1.1" 200 4073 4
127.0.0.1 - - [03/Feb/2023:21:55:18 +0900] "GET /api/members/1/games?order=RECENT&period=WEEK&search=MEMBER&keyword=&page=1 HTTP/1.1" 200 647 15
0:0:0:0:0:0:0:1 - - [03/Feb/2023:21:55:18 +0900] "GET /static/gameImages/2/game2.jpg HTTP/1.1" 200 4599 4
0:0:0:0:0:0:0:1 - - [03/Feb/2023:21:55:18 +0900] "GET /static/gameImages/1/game1.jpg HTTP/1.1" 200 6990 4
127.0.0.1 - - [03/Feb/2023:21:55:20 +0900] "GET /api/members/1/bestcuts?order=RECENT&period=WEEK&search=MEMBER&keyword=&page=1 HTTP/1.1" 200 580 15
0:0:0:0:0:0:0:1 - - [03/Feb/2023:21:55:20 +0900] "GET /static/bestcuts/1/BestCut.jpg HTTP/1.1" 200 4073 4
127.0.0.1 - - [03/Feb/2023:21:55:20 +0900] "GET /api/members/1/starred HTTP/1.1" 200 170 13
0:0:0:0:0:0:0:1 - - [03/Feb/2023:21:55:20 +0900] "GET /static/gameImages/1/game1.jpg HTTP/1.1" 200 6990 4
127.0.0.1 - - [03/Feb/2023:21:55:21 +0900] "GET /api/members/1/bestcuts?order=RECENT&period=WEEK&search=MEMBER&keyword=&page=1 HTTP/1.1" 200 580 14
0:0:0:0:0:0:0:1 - - [03/Feb/2023:21:55:21 +0900] "GET /static/bestcuts/1/BestCut.jpg HTTP/1.1" 200 4073 4
127.0.0.1 - - [03/Feb/2023:21:55:24 +0900] "GET /api/members/1 HTTP/1.1" 200 97 12
127.0.0.1 - - [03/Feb/2023:21:55:24 +0900] "GET /api/members/1/records HTTP/1.1" 200 27 9
127.0.0.1 - - [03/Feb/2023:21:55:26 +0900] "GET /api/members/1/games?order=RECENT&period=WEEK&search=MEMBER&keyword=&page=1 HTTP/1.1" 200 647 14
0:0:0:0:0:0:0:1 - - [03/Feb/2023:21:55:26 +0900] "GET /static/gameImages/2/game2.jpg HTTP/1.1" 200 4599 4
0:0:0:0:0:0:0:1 - - [03/Feb/2023:21:55:26 +0900] "GET /static/gameImages/1/game1.jpg HTTP/1.1" 200 6990 4
127.0.0.1 - - [03/Feb/2023:21:55:30 +0900] "GET /api/members/1/bestcuts?order=RECENT&period=WEEK&search=MEMBER&keyword=&page=1 HTTP/1.1" 200 580 14
0:0:0:0:0:0:0:1 - - [03/Feb/2023:21:55:30 +0900] "GET /static/bestcuts/1/BestCut.jpg HTTP/1.1" 200 4073 4
127.0.0.1 - - [03/Feb/2023:21:55:32 +0900] "GET /api/members/1/games?order=RECENT&period=WEEK&search=MEMBER&keyword=&page=1 HTTP/1.1" 200 647 15
0:0:0:0:0:0:0:1 - - [03/Feb/2023:21:55:32 +0900] "GET /static/gameImages/2/game2.jpg HTTP/1.1" 200 4599 5
0:0:0:0:0:0:0:1 - - [03/Feb/2023:21:55:32 +0900] "GET /static/gameImages/1/game1.jpg HTTP/1.1" 200 6990 5
127.0.0.1 - - [03/Feb/2023:21:55:33 +0900] "GET /api/members/1/starred HTTP/1.1" 200 170 14
0:0:0:0:0:0:0:1 - - [03/Feb/2023:21:55:33 +0900] "GET /static/gameImages/1/game1.jpg HTTP/1.1" 200 6990 4
127.0.0.1 - - [03/Feb/2023:21:55:34 +0900] "GET /api/members/1/games?order=RECENT&period=WEEK&search=MEMBER&keyword=&page=1 HTTP/1.1" 200 647 13
0:0:0:0:0:0:0:1 - - [03/Feb/2023:21:55:34 +0900] "GET /static/gameImages/2/game2.jpg HTTP/1.1" 200 4599 4
0:0:0:0:0:0:0:1 - - [03/Feb/2023:21:55:34 +0900] "GET /static/gameImages/1/game1.jpg HTTP/1.1" 200 6990 4
127.0.0.1 - - [03/Feb/2023:21:55:43 +0900] "GET /api/members/1 HTTP/1.1" 200 97 18
127.0.0.1 - - [03/Feb/2023:21:55:43 +0900] "GET /api/members/1/games?order=RECENT&period=WEEK&search=MEMBER&keyword=&page=1 HTTP/1.1" 200 647 23
0:0:0:0:0:0:0:1 - - [03/Feb/2023:21:55:43 +0900] "GET /static/gameImages/2/game2.jpg HTTP/1.1" 200 4599 5
0:0:0:0:0:0:0:1 - - [03/Feb/2023:21:55:43 +0900] "GET /static/gameImages/1/game1.jpg HTTP/1.1" 200 6990 8
127.0.0.1 - - [03/Feb/2023:21:55:56 +0900] "GET /api/members/1 HTTP/1.1" 200 97 13
127.0.0.1 - - [03/Feb/2023:21:55:56 +0900] "GET /api/members/1/games?order=RECENT&period=WEEK&search=MEMBER&keyword=&page=1 HTTP/1.1" 200 647 16
0:0:0:0:0:0:0:1 - - [03/Feb/2023:21:55:56 +0900] "GET /static/gameImages/1/game1.jpg HTTP/1.1" 200 6990 5
0:0:0:0:0:0:0:1 - - [03/Feb/2023:21:55:56 +0900] "GET /static/gameImages/2/game2.jpg HTTP/1.1" 200 4599 5
127.0.0.1 - - [03/Feb/2023:21:55:57 +0900] "GET /api/members/1/bestcuts?order=RECENT&period=WEEK&search=MEMBER&keyword=&page=1 HTTP/1.1" 200 580 17
0:0:0:0:0:0:0:1 - - [03/Feb/2023:21:55:57 +0900] "GET /static/bestcuts/1/BestCut.jpg HTTP/1.1" 200 4073 4
127.0.0.1 - - [03/Feb/2023:21:55:57 +0900] "GET /api/members/1/games?order=RECENT&period=WEEK&search=MEMBER&keyword=&page=1 HTTP/1.1" 200 647 13
0:0:0:0:0:0:0:1 - - [03/Feb/2023:21:55:57 +0900] "GET /static/gameImages/1/game1.jpg HTTP/1.1" 200 6990 4
0:0:0:0:0:0:0:1 - - [03/Feb/2023:21:55:57 +0900] "GET /static/gameImages/2/game2.jpg HTTP/1.1" 200 4599 4
127.0.0.1 - - [03/Feb/2023:21:55:58 +0900] "GET /api/members/1/starred HTTP/1.1" 200 170 13
0:0:0:0:0:0:0:1 - - [03/Feb/2023:21:55:58 +0900] "GET /static/gameImages/1/game1.jpg HTTP/1.1" 200 6990 3
127.0.0.1 - - [03/Feb/2023:21:55:59 +0900] "GET /api/members/1/games?order=RECENT&period=WEEK&search=MEMBER&keyword=&page=1 HTTP/1.1" 200 647 14
0:0:0:0:0:0:0:1 - - [03/Feb/2023:21:55:59 +0900] "GET /static/gameImages/2/game2.jpg HTTP/1.1" 200 4599 4
0:0:0:0:0:0:0:1 - - [03/Feb/2023:21:55:59 +0900] "GET /static/gameImages/1/game1.jpg HTTP/1.1" 200 6990 4
127.0.0.1 - - [03/Feb/2023:21:55:59 +0900] "GET /api/members/1/records HTTP/1.1" 200 27 9
127.0.0.1 - - [03/Feb/2023:21:56:00 +0900] "GET /api/members/1/starred HTTP/1.1" 200 170 13
0:0:0:0:0:0:0:1 - - [03/Feb/2023:21:56:00 +0900] "GET /static/gameImages/1/game1.jpg HTTP/1.1" 200 6990 4
127.0.0.1 - - [03/Feb/2023:21:56:01 +0900] "GET /api/members/1/games?order=RECENT&period=WEEK&search=MEMBER&keyword=&page=1 HTTP/1.1" 200 647 14
0:0:0:0:0:0:0:1 - - [03/Feb/2023:21:56:01 +0900] "GET /static/gameImages/2/game2.jpg HTTP/1.1" 200 4599 5
0:0:0:0:0:0:0:1 - - [03/Feb/2023:21:56:01 +0900] "GET /static/gameImages/1/game1.jpg HTTP/1.1" 200 6990 4
127.0.0.1 - - [03/Feb/2023:21:56:02 +0900] "GET /api/members/1/bestcuts?order=RECENT&period=WEEK&search=MEMBER&keyword=&page=1 HTTP/1.1" 200 580 14
0:0:0:0:0:0:0:1 - - [03/Feb/2023:21:56:02 +0900] "GET /static/bestcuts/1/BestCut.jpg HTTP/1.1" 200 4073 4
127.0.0.1 - - [03/Feb/2023:22:01:12 +0900] "GET /api/members/1 HTTP/1.1" 200 97 18
127.0.0.1 - - [03/Feb/2023:22:01:12 +0900] "GET /api/members/1/bestcuts?order=RECENT&period=WEEK&search=MEMBER&keyword=&page=1 HTTP/1.1" 200 580 20
0:0:0:0:0:0:0:1 - - [03/Feb/2023:22:01:12 +0900] "GET /static/bestcuts/1/BestCut.jpg HTTP/1.1" 200 4073 5
127.0.0.1 - - [03/Feb/2023:22:03:03 +0900] "GET /api/members/1 HTTP/1.1" 200 105 13
127.0.0.1 - - [03/Feb/2023:22:20:37 +0900] "GET /api/members/1 HTTP/1.1" 200 105 19
127.0.0.1 - - [03/Feb/2023:22:20:43 +0900] "GET /api/members/1 HTTP/1.1" 200 105 15
127.0.0.1 - - [04/Feb/2023:22:19:55 +0900] "GET /api/games?order=POPULARITY&period=ALL&search=GAME&keyword=&page=1 HTTP/1.1" 200 647 558
0:0:0:0:0:0:0:1 - - [04/Feb/2023:22:19:55 +0900] "GET /static/gameImages/1/game1.jpg HTTP/1.1" 200 6990 23
0:0:0:0:0:0:0:1 - - [04/Feb/2023:22:19:55 +0900] "GET /static/gameImages/2/game2.jpg HTTP/1.1" 200 4599 25
127.0.0.1 - - [04/Feb/2023:22:19:59 +0900] "GET /api/members/1 HTTP/1.1" 500 11873 102
0:0:0:0:0:0:0:1 - - [04/Feb/2023:23:52:46 +0900] "GET /oauth2/authorization/kakao HTTP/1.1" 302 - 1241
